[33m>[39m Building...
[32mΓêÜ[39m Building...
[35mPrerendered 0 static routes.[39m
Application bundle generation failed. [11.396 seconds] - 2026-04-30T19:54:35.095Z

node.exe : [1m[31m[31mX [41;31m[[41;97mERROR[41;31m][0m [1mTS2551: Property 'About' does not exist on type 
'typeof import("C:/Users/sonam/OneDrive/Desktop/Stakker/Ladakh/LadakhArchive/src/app/pages/about/about")'. Did you 
mean 'about'?[0m [1m[35m[plugin angular-compiler][0m
At C:\Users\sonam\AppData\Roaming\npm\ng.ps1:24 char:5
+     & "node$exe"  "$basedir/node_modules/@angular/cli/bin/ng.js" $arg ...
+     ~~~~~~~~~~~~~~~~~~~~~~~~~~~~~~~~~~~~~~~~~~~~~~~~~~~~~~~~~~~~~~~~~
    + CategoryInfo          : NotSpecified: ([1m[31m[31mX...r-compiler][0m:String) [], RemoteException
    + FullyQualifiedErrorId : NativeCommandError
 

    src/app/app.routes.ts:71:67:
[37m      71 Γöé ...Component: () => import('./pages/about/about').then(m => m.[32mAbout[37m),
         Γò╡                                                               [32m~~~~~[0m

  'about' is declared here.

    src/app/pages/about/about.ts:11:13:
[37m      11 Γöé export class [32mabout[37m {
         Γò╡              [32m~~~~~[0m


[31mX [41;31m[[41;97mERROR[41;31m][0m [1mTS2551: Property 'ProtectedAreaDetail' does not exist on type 'typeof im
port("C:/Users/sonam/OneDrive/Desktop/Stakker/Ladakh/LadakhArchive/src/app/pages/protected-area-detail/protected-area-d
etail")'. Did you mean 'ProtectedareaDetail'?[0m [1m[35m[plugin angular-compiler][0m

    src/app/app.routes.ts:136:99:
[37m      136 Γöé ...-detail/protected-area-detail').then(m => m.[32mProtectedAreaDetail[37m),
          Γò╡                                                [32m~~~~~~~~~~~~~~~~~~~[0m

  'ProtectedareaDetail' is declared here.

    src/app/pages/protected-area-detail/protected-area-detail.ts:268:13:
[37m      268 Γöé export class [32mProtectedareaDetail[37m {
          Γò╡              [32m~~~~~~~~~~~~~~~~~~~[0m


[31mX [41;31m[[41;97mERROR[41;31m][0m [1mTS2724: '"@angular/core"' has no exported member named 'PLaTFORM_ID'. 
Did you mean 'PLATFORM_ID'?[0m [1m[35m[plugin angular-compiler][0m

    src/app/pages/blog-detail/blog-detail.ts:1:46:
[37m      1 Γöé ... signal, computed, inject, [32mPLaTFORM_ID[37m, DestroyRef, afterNextRen...
        Γò╡                               [32m~~~~~~~~~~~[0m


[31mX [41;31m[[41;97mERROR[41;31m][0m [1mTS2345: Argument of type 'unknown' is not assignable to parameter of 
type 'Object'.[0m [1m[35m[plugin angular-compiler][0m

    src/app/pages/blog-detail/blog-detail.ts:307:27:
[37m      307 Γöé     if (!isPlatformBrowser([32mthis.platformId[37m)) return;
          Γò╡                            [32m~~~~~~~~~~~~~~~[0m


[31mX [41;31m[[41;97mERROR[41;31m][0m [1mTS2345: Argument of type 'unknown' is not assignable to parameter of 
type 'Object'.[0m [1m[35m[plugin angular-compiler][0m

    src/app/pages/blog-detail/blog-detail.ts:321:28:
[37m      321 Γöé       if (isPlatformBrowser([32mthis.platformId[37m)) {
          Γò╡                             [32m~~~~~~~~~~~~~~~[0m


[31mX [41;31m[[41;97mERROR[41;31m][0m [1mTS2345: Argument of type 'unknown' is not assignable to parameter of 
type 'Object'.[0m [1m[35m[plugin angular-compiler][0m

    src/app/pages/blog-detail/blog-detail.ts:329:27:
[37m      329 Γöé     if (!isPlatformBrowser([32mthis.platformId[37m)) return;
          Γò╡                            [32m~~~~~~~~~~~~~~~[0m


[31mX [41;31m[[41;97mERROR[41;31m][0m [1mTS2551: Property 'performingArts' does not exist on type 'Culture'. Did 
you mean 'performingarts'?[0m [1m[35m[plugin angular-compiler][0m

    src/app/pages/culture/culture.html:313:19:
[37m      313 Γöé       @for (art of [32mperformingArts[37m; track art.name) {
          Γò╡                    [32m~~~~~~~~~~~~~~[0m

  Error occurs in the template of component Culture.

    src/app/pages/culture/culture.ts:8:15:
[37m      8 Γöé   templateUrl: [32m'./culture.html'[37m,
        Γò╡                [32m~~~~~~~~~~~~~~~~[0m


[31mX [41;31m[[41;97mERROR[41;31m][0m [1mTS2724: '"@angular/core"' has no exported member named 'PLaTFORM_ID'. 
Did you mean 'PLATFORM_ID'?[0m [1m[35m[plugin angular-compiler][0m

    src/app/pages/culture/culture.ts:1:36:
[37m      1 Γöé ...rt { Component, inject, signal, [32mPLaTFORM_ID[37m } from '@angular/core';
        Γò╡                                    [32m~~~~~~~~~~~[0m


[31mX [41;31m[[41;97mERROR[41;31m][0m [1mTS2551: Property 'travelerAccounts' does not exist on type 'Era'. Did 
you mean 'traveleraccounts'?[0m [1m[35m[plugin angular-compiler][0m

    src/app/pages/era-detail/era-detail.html:99:23:
[37m      99 Γöé         @for (acc of e.[32mtravelerAccounts[37m; track acc.author) {
         Γò╡                        [32m~~~~~~~~~~~~~~~~[0m

  Error occurs in the template of component EraDetail.

    src/app/pages/era-detail/era-detail.ts:20:15:
[37m      20 Γöé   templateUrl: [32m'./era-detail.html'[37m,
         Γò╡                [32m~~~~~~~~~~~~~~~~~~~[0m


[31mX [41;31m[[41;97mERROR[41;31m][0m [1mTS2724: '"@angular/core"' has no exported member named 'PLaTFORM_ID'. 
Did you mean 'PLATFORM_ID'?[0m [1m[35m[plugin angular-compiler][0m

    src/app/pages/history/history.ts:1:28:
[37m      1 Γöé import { Component, inject, [32mPLaTFORM_ID[37m } from '@angular/core';
        Γò╡                             [32m~~~~~~~~~~~[0m


[31mX [41;31m[[41;97mERROR[41;31m][0m [1mTS2551: Property 'latestArticles' does not exist on type 'Home'. Did 
you mean 'latestarticles'?[0m [1m[35m[plugin angular-compiler][0m

    src/app/pages/home/home.html:272:23:
[37m      272 Γöé       @for (article of [32mlatestArticles[37m; track article.title) {
          Γò╡                        [32m~~~~~~~~~~~~~~[0m

  Error occurs in the template of component Home.

    src/app/pages/home/home.ts:10:15:
[37m      10 Γöé   templateUrl: [32m'./home.html'[37m,
         Γò╡                [32m~~~~~~~~~~~~~[0m


[31mX [41;31m[[41;97mERROR[41;31m][0m [1mTS2724: '"@angular/core"' has no exported member named 'PLaTFORM_ID'. 
Did you mean 'PLATFORM_ID'?[0m [1m[35m[plugin angular-compiler][0m

    src/app/pages/home/home.ts:1:46:
[37m      1 Γöé ...nent, signal, computed, inject, [32mPLaTFORM_ID[37m } from '@angular/core';
        Γò╡                                    [32m~~~~~~~~~~~[0m


[31mX [41;31m[[41;97mERROR[41;31m][0m [1mTS2345: Argument of type 'unknown' is not assignable to parameter of 
type 'Object'.[0m [1m[35m[plugin angular-compiler][0m

    src/app/pages/home/home.ts:32:26:
[37m      32 Γöé     if (isPlatformBrowser([32mthis.platformId[37m)) {
         Γò╡                           [32m~~~~~~~~~~~~~~~[0m


[31mX [41;31m[[41;97mERROR[41;31m][0m [1mTS2551: Property 'setattribute' does not exist on type 
'HTMLLinkElement'. Did you mean 'setAttribute'?[0m [1m[35m[plugin angular-compiler][0m

    src/app/pages/home/home.ts:34:11:
[37m      34 Γöé       link.[32msetattribute[37m('rel', 'canonical');
         Γò╡            [32m~~~~~~~~~~~~[0m

  'setAttribute' is declared here.

    node_modules/typescript/lib/lib.dom.d.ts:11058:4:
[37m      11058 Γöé     [32msetAttribute(qualifiedName: string, value: string): void;[37m
            Γò╡     [32m~~~~~~~~~~~~~~~~~~~~~~~~~~~~~~~~~~~~~~~~~~~~~~~~~~~~~~~~~[0m


[31mX [41;31m[[41;97mERROR[41;31m][0m [1mTS2551: Property 'setattribute' does not exist on type 
'HTMLLinkElement'. Did you mean 'setAttribute'?[0m [1m[35m[plugin angular-compiler][0m

    src/app/pages/home/home.ts:35:11:
[37m      35 Γöé       link.[32msetattribute[37m('href', 'https://theladakh.org/');
         Γò╡            [32m~~~~~~~~~~~~[0m

  'setAttribute' is declared here.

    node_modules/typescript/lib/lib.dom.d.ts:11058:4:
[37m      11058 Γöé     [32msetAttribute(qualifiedName: string, value: string): void;[37m
            Γò╡     [32m~~~~~~~~~~~~~~~~~~~~~~~~~~~~~~~~~~~~~~~~~~~~~~~~~~~~~~~~~[0m


[31mX [41;31m[[41;97mERROR[41;31m][0m [1mTS2551: Property 'historicalAccounts' does not exist on type 
'LakeData'. Did you mean 'historicalaccounts'?[0m [1m[35m[plugin angular-compiler][0m

    src/app/pages/lake-detail/lake-detail.html:35:41:
[37m      35 Γöé         <div class="ld-content-text">{{l.[32mhistoricalAccounts[37m}}</div>
         Γò╡                                          [32m~~~~~~~~~~~~~~~~~~[0m

  Error occurs in the template of component LakeDetail.

    src/app/pages/lake-detail/lake-detail.ts:26:15:
[37m      26 Γöé   templateUrl: [32m'./lake-detail.html'[37m,
         Γò╡                [32m~~~~~~~~~~~~~~~~~~~~[0m


[31mX [41;31m[[41;97mERROR[41;31m][0m [1mTS2551: Property 'maxAlt' does not exist on type '{ name: string; 
distance: string; days: string; maxalt: string; color: string; points: { km: number; alt: number; label: string; }[]; 
}'. Did you mean 'maxalt'?[0m [1m[35m[plugin angular-compiler][0m

    src/app/pages/maps/maps.html:174:73:
[37m      174 Γöé ... class="bi bi-arrow-up me-1"></i>Max: {{ profile.[32mmaxAlt[37m }}</span>
          Γò╡                                                     [32m~~~~~~[0m

  Error occurs in the template of component Maps.

    src/app/pages/maps/maps.ts:10:15:
[37m      10 Γöé   templateUrl: [32m'./maps.html'[37m,
         Γò╡                [32m~~~~~~~~~~~~~[0m


[31mX [41;31m[[41;97mERROR[41;31m][0m [1mTS2551: Property 'nearbyAttractions' does not exist on type 
'MonasteryData'. Did you mean 'nearbyattractions'?[0m [1m[35m[plugin angular-compiler][0m

    src/app/pages/monastery-detail/monastery-detail.html:85:11:
[37m      85 Γöé     @if (m.[32mnearbyAttractions[37m.length) {
         Γò╡            [32m~~~~~~~~~~~~~~~~~[0m

  Error occurs in the template of component MonasteryDetail.

    src/app/pages/monastery-detail/monastery-detail.ts:32:15:
[37m      32 Γöé   templateUrl: [32m'./monastery-detail.html'[37m,
         Γò╡                [32m~~~~~~~~~~~~~~~~~~~~~~~~~[0m


[31mX [41;31m[[41;97mERROR[41;31m][0m [1mTS2551: Property 'nearbyAttractions' does not exist on type 
'MonasteryData'. Did you mean 'nearbyattractions'?[0m [1m[35m[plugin angular-compiler][0m

    src/app/pages/monastery-detail/monastery-detail.html:88:19:
[37m      88 Γöé       @for (a of m.[32mnearbyAttractions[37m; track a) {
         Γò╡                    [32m~~~~~~~~~~~~~~~~~[0m

  Error occurs in the template of component MonasteryDetail.

    src/app/pages/monastery-detail/monastery-detail.ts:32:15:
[37m      32 Γöé   templateUrl: [32m'./monastery-detail.html'[37m,
         Γò╡                [32m~~~~~~~~~~~~~~~~~~~~~~~~~[0m


[31mX [41;31m[[41;97mERROR[41;31m][0m [1mTS2551: Property 'nearbyAttractions' does not exist on type 'Monument'. 
Did you mean 'nearbyattractions'?[0m [1m[35m[plugin angular-compiler][0m

    src/app/pages/monument-detail/monument-detail.html:137:29:
[37m      137 Γöé             @for (place of m.[32mnearbyAttractions[37m; track place) {
          Γò╡                              [32m~~~~~~~~~~~~~~~~~[0m

  Error occurs in the template of component MonumentDetail.

    src/app/pages/monument-detail/monument-detail.ts:20:15:
[37m      20 Γöé   templateUrl: [32m'./monument-detail.html'[37m,
         Γò╡                [32m~~~~~~~~~~~~~~~~~~~~~~~~[0m


[31mX [41;31m[[41;97mERROR[41;31m][0m [1mTS2551: Property 'openAnimal' does not exist on type 'Nature'. Did you 
mean 'openanimal'?[0m [1m[35m[plugin angular-compiler][0m

    src/app/pages/nature/nature.html:195:42:
[37m      195 Γöé ...="n-animal-card" (click)="[32mopenAnimal[37m(a)" [style.background-ima...
          Γò╡                              [32m~~~~~~~~~~[0m

  Error occurs in the template of component Nature.

    src/app/pages/nature/nature.ts:9:15:
[37m      9 Γöé   templateUrl: [32m'./nature.html'[37m,
        Γò╡                [32m~~~~~~~~~~~~~~~[0m


[31mX [41;31m[[41;97mERROR[41;31m][0m [1mTS2551: Property 'protectedAreas' does not exist on type 'Nature'. Did 
you mean 'protectedareas'?[0m [1m[35m[plugin angular-compiler][0m

    src/app/pages/nature/nature.html:378:20:
[37m      378 Γöé       @for (area of [32mprotectedAreas[37m; track area.name) {
          Γò╡                     [32m~~~~~~~~~~~~~~[0m

  Error occurs in the template of component Nature.

    src/app/pages/nature/nature.ts:9:15:
[37m      9 Γöé   templateUrl: [32m'./nature.html'[37m,
        Γò╡                [32m~~~~~~~~~~~~~~~[0m


[31mX [41;31m[[41;97mERROR[41;31m][0m [1mTS2724: '"@angular/core"' has no exported member named 'PLaTFORM_ID'. 
Did you mean 'PLATFORM_ID'?[0m [1m[35m[plugin angular-compiler][0m

    src/app/pages/nature/nature.ts:1:36:
[37m      1 Γöé ...rt { Component, inject, signal, [32mPLaTFORM_ID[37m } from '@angular/core';
        Γò╡                                    [32m~~~~~~~~~~~[0m


[31mX [41;31m[[41;97mERROR[41;31m][0m [1mTS2551: Property 'nearbyAttractions' does not exist on type 'PassData'. 
Did you mean 'nearbyattractions'?[0m [1m[35m[plugin angular-compiler][0m

    src/app/pages/pass-detail/pass-detail.html:84:11:
[37m      84 Γöé     @if (p.[32mnearbyAttractions[37m.length) {
         Γò╡            [32m~~~~~~~~~~~~~~~~~[0m

  Error occurs in the template of component PassDetail.

    src/app/pages/pass-detail/pass-detail.ts:40:15:
[37m      40 Γöé   templateUrl: [32m'./pass-detail.html'[37m,
         Γò╡                [32m~~~~~~~~~~~~~~~~~~~~[0m


[31mX [41;31m[[41;97mERROR[41;31m][0m [1mTS2551: Property 'nearbyAttractions' does not exist on type 'PassData'. 
Did you mean 'nearbyattractions'?[0m [1m[35m[plugin angular-compiler][0m

    src/app/pages/pass-detail/pass-detail.html:87:19:
[37m      87 Γöé       @for (a of p.[32mnearbyAttractions[37m; track a) {
         Γò╡                    [32m~~~~~~~~~~~~~~~~~[0m

  Error occurs in the template of component PassDetail.

    src/app/pages/pass-detail/pass-detail.ts:40:15:
[37m      40 Γöé   templateUrl: [32m'./pass-detail.html'[37m,
         Γò╡                [32m~~~~~~~~~~~~~~~~~~~~[0m


[31mX [41;31m[[41;97mERROR[41;31m][0m [1mTS2551: Property 'article370Analysis' does not exist on type 
'Politics'. Did you mean 'article370analysis'?[0m [1m[35m[plugin angular-compiler][0m

    src/app/pages/politics/politics.html:202:24:
[37m      202 Γöé           @for (item of [32marticle370Analysis[37m.before; track item) {
          Γò╡                         [32m~~~~~~~~~~~~~~~~~~[0m

  Error occurs in the template of component Politics.

    src/app/pages/politics/politics.ts:7:15:
[37m      7 Γöé   templateUrl: [32m'./politics.html'[37m,
        Γò╡                [32m~~~~~~~~~~~~~~~~~[0m


[31mX [41;31m[[41;97mERROR[41;31m][0m [1mTS2551: Property 'article370Analysis' does not exist on type 
'Politics'. Did you mean 'article370analysis'?[0m [1m[35m[plugin angular-compiler][0m

    src/app/pages/politics/politics.html:219:24:
[37m      219 Γöé           @for (item of [32marticle370Analysis[37m.after; track item) {
          Γò╡                         [32m~~~~~~~~~~~~~~~~~~[0m

  Error occurs in the template of component Politics.

    src/app/pages/politics/politics.ts:7:15:
[37m      7 Γöé   templateUrl: [32m'./politics.html'[37m,
        Γò╡                [32m~~~~~~~~~~~~~~~~~[0m


[31mX [41;31m[[41;97mERROR[41;31m][0m [1mTS2551: Property 'historicalAccounts' does not exist on type 
'Protectedarea'. Did you mean 'historicalaccounts'?[0m [1m[35m[plugin angular-compiler][0m

    src/app/pages/protected-area-detail/protected-area-detail.html:36:41:
[37m      36 Γöé         <div class="pd-content-text">{{a.[32mhistoricalAccounts[37m}}</div>
         Γò╡                                          [32m~~~~~~~~~~~~~~~~~~[0m

  Error occurs in the template of component ProtectedareaDetail.

    src/app/pages/protected-area-detail/protected-area-detail.ts:264:15:
[37m      264 Γöé   templateUrl: [32m'./protected-area-detail.html'[37m,
          Γò╡                [32m~~~~~~~~~~~~~~~~~~~~~~~~~~~~~~[0m


[31mX [41;31m[[41;97mERROR[41;31m][0m [1mTS2551: Property 'relatedAreas' does not exist on type 
'ProtectedareaDetail'. Did you mean 'relatedareas'?[0m [1m[35m[plugin angular-compiler][0m

    src/app/pages/protected-area-detail/protected-area-detail.html:165:17:
[37m      165 Γöé       @for (r of [32mrelatedAreas[37m(); track r.slug) {
          Γò╡                  [32m~~~~~~~~~~~~[0m

  Error occurs in the template of component ProtectedareaDetail.

    src/app/pages/protected-area-detail/protected-area-detail.ts:264:15:
[37m      264 Γöé   templateUrl: [32m'./protected-area-detail.html'[37m,
          Γò╡                [32m~~~~~~~~~~~~~~~~~~~~~~~~~~~~~~[0m


[31mX [41;31m[[41;97mERROR[41;31m][0m [1mTS2551: Property 'getAreaPath' does not exist on type 'RoadTripDetail'. 
Did you mean 'getareaPath'?[0m [1m[35m[plugin angular-compiler][0m

    src/app/pages/road-trip-detail/road-trip-detail.html:167:24:
[37m      167 Γöé         <path [attr.d]="[32mgetAreaPath[37m(t.elevation)" [attr.fill]="t....
          Γò╡                         [32m~~~~~~~~~~~[0m

  Error occurs in the template of component RoadTripDetail.

    src/app/pages/road-trip-detail/road-trip-detail.ts:65:15:
[37m      65 Γöé   templateUrl: [32m'./road-trip-detail.html'[37m,
         Γò╡                [32m~~~~~~~~~~~~~~~~~~~~~~~~~[0m


[31mX [41;31m[[41;97mERROR[41;31m][0m [1mTS2551: Property 'getMinAlt' does not exist on type 'RoadTripDetail'. 
Did you mean 'getMinalt'?[0m [1m[35m[plugin angular-compiler][0m

    src/app/pages/road-trip-detail/road-trip-detail.html:174:52:
[37m      174 Γöé ...y]="getChartY(pt.altitude, [32mgetMinAlt[37m(t.elevation), getMaxAlt(t...
          Γò╡                               [32m~~~~~~~~~[0m

  Error occurs in the template of component RoadTripDetail.

    src/app/pages/road-trip-detail/road-trip-detail.ts:65:15:
[37m      65 Γöé   templateUrl: [32m'./road-trip-detail.html'[37m,
         Γò╡                [32m~~~~~~~~~~~~~~~~~~~~~~~~~[0m


[31mX [41;31m[[41;97mERROR[41;31m][0m [1mTS2551: Property 'getMaxAlt' does not exist on type 'RoadTripDetail'. 
Did you mean 'getMaxalt'?[0m [1m[35m[plugin angular-compiler][0m

    src/app/pages/road-trip-detail/road-trip-detail.html:174:76:
[37m      174 Γöé ...rtY(pt.altitude, getMinAlt(t.elevation), [32mgetMaxAlt[37m(t.elevation))"
          Γò╡                                             [32m~~~~~~~~~[0m

  Error occurs in the template of component RoadTripDetail.

    src/app/pages/road-trip-detail/road-trip-detail.ts:65:15:
[37m      65 Γöé   templateUrl: [32m'./road-trip-detail.html'[37m,
         Γò╡                [32m~~~~~~~~~~~~~~~~~~~~~~~~~[0m


[31mX [41;31m[[41;97mERROR[41;31m][0m [1mTS2551: Property 'maxAltitude' does not exist on type '{ name: string; 
distance: string; duration: string; season: string; maxaltitude: string; icon: string; color: string; highlights: 
string[]; description: string; }'. Did you mean 'maxaltitude'?[0m [1m[35m[plugin angular-compiler][0m

    src/app/pages/routes-page/routes-page.html:65:71:
[37m      65 Γöé ...triangle"></i> Max Altitude: <strong>{{ hw.[32mmaxAltitude[37m }}</strong>
         Γò╡                                               [32m~~~~~~~~~~~[0m

  Error occurs in the template of component RoutesPage.

    src/app/pages/routes-page/routes-page.ts:7:15:
[37m      7 Γöé   templateUrl: [32m'./routes-page.html'[37m,
        Γò╡                [32m~~~~~~~~~~~~~~~~~~~~[0m


[31mX [41;31m[[41;97mERROR[41;31m][0m [1mTS2551: Property 'maxAltitude' does not exist on type '{ slug: string; 
name: string; difficulty: string; duration: string; maxaltitude: string; distance: string; season: string; color: 
string; startEnd: string; highlights: string[]; description: string; }'. Did you mean 'maxaltitude'?[0m 
[1m[35m[plugin angular-compiler][0m

    src/app/pages/routes-page/routes-page.html:160:57:
[37m      160 Γöé ...span><i class="bi bi-triangle"></i> {{ trek.[32mmaxAltitude[37m }}</span>
          Γò╡                                                [32m~~~~~~~~~~~[0m

  Error occurs in the template of component RoutesPage.

    src/app/pages/routes-page/routes-page.ts:7:15:
[37m      7 Γöé   templateUrl: [32m'./routes-page.html'[37m,
        Γò╡                [32m~~~~~~~~~~~~~~~~~~~~[0m


[31mX [41;31m[[41;97mERROR[41;31m][0m [1mTS2551: Property 'maxAltitude' does not exist on type '{ name: string; 
distance: string; duration: string; difficulty: string; maxaltitude: string; description: string; }'. Did you mean 
'maxaltitude'?[0m [1m[35m[plugin angular-compiler][0m

    src/app/pages/routes-page/routes-page.html:191:54:
[37m      191 Γöé ...  <span><i class="bi bi-triangle"></i> {{ c.[32mmaxAltitude[37m }}</span>
          Γò╡                                                [32m~~~~~~~~~~~[0m

  Error occurs in the template of component RoutesPage.

    src/app/pages/routes-page/routes-page.ts:7:15:
[37m      7 Γöé   templateUrl: [32m'./routes-page.html'[37m,
        Γò╡                [32m~~~~~~~~~~~~~~~~~~~~[0m


[31mX [41;31m[[41;97mERROR[41;31m][0m [1mTS2551: Property 'maxAltitude' does not exist on type 'TrekDetailData'. 
Did you mean 'maxaltitude'?[0m [1m[35m[plugin angular-compiler][0m

    src/app/pages/trek-detail/trek-detail.html:21:74:
[37m      21 Γöé ... class="bi bi-triangle"></i><span>{{ t.[32mmaxAltitude[37m }}</span></div>
         Γò╡                                           [32m~~~~~~~~~~~[0m

  Error occurs in the template of component TrekDetail.

    src/app/pages/trek-detail/trek-detail.ts:64:15:
[37m      64 Γöé   templateUrl: [32m'./trek-detail.html'[37m,
         Γò╡                [32m~~~~~~~~~~~~~~~~~~~~[0m


[31mX [41;31m[[41;97mERROR[41;31m][0m [1mTS2551: Property 'maxAltitude' does not exist on type 'TrekDetailData'. 
Did you mean 'maxaltitude'?[0m [1m[35m[plugin angular-compiler][0m

    src/app/pages/trek-detail/trek-detail.html:262:58:
[37m      262 Γöé ...  <span><i class="bi bi-triangle"></i> {{ r.[32mmaxAltitude[37m }}</span>
          Γò╡                                                [32m~~~~~~~~~~~[0m

  Error occurs in the template of component TrekDetail.

    src/app/pages/trek-detail/trek-detail.ts:64:15:
[37m      64 Γöé   templateUrl: [32m'./trek-detail.html'[37m,
         Γò╡                [32m~~~~~~~~~~~~~~~~~~~~[0m


[31mX [41;31m[[41;97mERROR[41;31m][0m [1mTS2551: Property 'relatedAnimals' does not exist on type 
'WildlifeDetail'. Did you mean 'relatedanimals'?[0m [1m[35m[plugin angular-compiler][0m

    src/app/pages/wildlife-detail/wildlife-detail.html:273:5:
[37m      273 Γöé @if ([32mrelatedAnimals[37m().length) {
          Γò╡      [32m~~~~~~~~~~~~~~[0m

  Error occurs in the template of component WildlifeDetail.

    src/app/pages/wildlife-detail/wildlife-detail.ts:31:15:
[37m      31 Γöé   templateUrl: [32m'./wildlife-detail.html'[37m,
         Γò╡                [32m~~~~~~~~~~~~~~~~~~~~~~~~[0m


[31mX [41;31m[[41;97mERROR[41;31m][0m [1mTS2551: Property 'relatedAnimals' does not exist on type 
'WildlifeDetail'. Did you mean 'relatedanimals'?[0m [1m[35m[plugin angular-compiler][0m

    src/app/pages/wildlife-detail/wildlife-detail.html:279:19:
[37m      279 Γöé         @for (r of [32mrelatedAnimals[37m(); track r.slug) {
          Γò╡                    [32m~~~~~~~~~~~~~~[0m

  Error occurs in the template of component WildlifeDetail.

    src/app/pages/wildlife-detail/wildlife-detail.ts:31:15:
[37m      31 Γöé   templateUrl: [32m'./wildlife-detail.html'[37m,
         Γò╡                [32m~~~~~~~~~~~~~~~~~~~~~~~~[0m


[31mX [41;31m[[41;97mERROR[41;31m][0m [1mTS1517: Range out of order in character class.[0m [1m[35m[plugin 
angular-compiler][0m

    src/app/pages/wildlife-detail/wildlife-detail.ts:45:15:
[37m      45 Γöé     if (!/^[a-z[32ma-Z[37m0-9_-]{10,12}$/.test(a.videoId)) return null;
         Γò╡                [32m~~~[0m


[31mX [41;31m[[41;97mERROR[41;31m][0m [1mNo matching export in "node_modules/@angular/core/fesm2022/core.mjs" 
for import "PLaTFORM_ID"[0m

    src/app/pages/blog-detail/blog-detail.ts:1:46:
[37m      1 Γöé ... signal, computed, inject, [32mPLaTFORM_ID[37m, DestroyRef, afterNextRen...
        Γöé                               [32m~~~~~~~~~~~[37m
        Γò╡                               [32mPLATFORM_ID[0m

  Did you mean to import "PLATFORM_ID" instead?

    node_modules/@angular/core/fesm2022/core.mjs:11:562:
[37m      11 Γöé ...uleRef, Optional, Output, [32mPLATFORM_ID[37m, Pipe, QueryList, Rendere...
         Γò╡                              [32m~~~~~~~~~~~[0m


[31mX [41;31m[[41;97mERROR[41;31m][0m [1mNo matching export in "node_modules/@angular/core/fesm2022/core.mjs" 
for import "PLaTFORM_ID"[0m

    src/app/pages/home/home.ts:1:46:
[37m      1 Γöé ...nent, signal, computed, inject, [32mPLaTFORM_ID[37m } from '@angular/core';
        Γöé                                    [32m~~~~~~~~~~~[37m
        Γò╡                                    [32mPLATFORM_ID[0m

  Did you mean to import "PLATFORM_ID" instead?

    node_modules/@angular/core/fesm2022/core.mjs:11:562:
[37m      11 Γöé ...uleRef, Optional, Output, [32mPLATFORM_ID[37m, Pipe, QueryList, Rendere...
         Γò╡                              [32m~~~~~~~~~~~[0m


[31mX [41;31m[[41;97mERROR[41;31m][0m [1mNo matching export in "node_modules/@angular/core/fesm2022/core.mjs" 
for import "PLaTFORM_ID"[0m

    src/app/pages/nature/nature.ts:1:36:
[37m      1 Γöé ...rt { Component, inject, signal, [32mPLaTFORM_ID[37m } from '@angular/core';
        Γöé                                    [32m~~~~~~~~~~~[37m
        Γò╡                                    [32mPLATFORM_ID[0m

  Did you mean to import "PLATFORM_ID" instead?

    node_modules/@angular/core/fesm2022/core.mjs:11:562:
[37m      11 Γöé ...uleRef, Optional, Output, [32mPLATFORM_ID[37m, Pipe, QueryList, Rendere...
         Γò╡                              [32m~~~~~~~~~~~[0m

[39m[22m
